// Jest Snapshot v1, https://goo.gl/fbAQLP

exports[`App App renders without crashing 1`] = `
ShallowWrapper {
  "length": 1,
  Symbol(enzyme.__root__): [Circular],
  Symbol(enzyme.__unrendered__): <Unknown />,
  Symbol(enzyme.__renderer__): Object {
    "batchedUpdates": [Function],
    "getNode": [Function],
    "render": [Function],
    "simulateEvent": [Function],
    "unmount": [Function],
  },
  Symbol(enzyme.__node__): Object {
    "instance": null,
    "key": undefined,
    "nodeType": "host",
    "props": Object {
      "children": Array [
        <withRouter(Connect(Component)) />,
        <section
          className="main-container"
>
          <Switch>
                    <Route
                              component={[Function]}
                              exact={true}
                              path="/"
                    />
                    <Route
                              component={[Function]}
                              exact={true}
                              path="/login"
                    />
                    <Route
                              component={[Function]}
                              exact={true}
                              path="/sign-up"
                    />
                    <Route
                              component={[Function]}
                              exact={true}
                              path="/favorites"
                    />
                    <Redirect
                              component={[Function]}
                              push={false}
                              to="/"
                    />
          </Switch>
</section>,
      ],
      "className": "grid-container",
    },
    "ref": null,
    "rendered": Array [
      Object {
        "instance": null,
        "key": undefined,
        "nodeType": "function",
        "props": Object {},
        "ref": null,
        "rendered": null,
        "type": [Function],
      },
      Object {
        "instance": null,
        "key": undefined,
        "nodeType": "host",
        "props": Object {
          "children": <Switch>
            <Route
                        component={[Function]}
                        exact={true}
                        path="/"
            />
            <Route
                        component={[Function]}
                        exact={true}
                        path="/login"
            />
            <Route
                        component={[Function]}
                        exact={true}
                        path="/sign-up"
            />
            <Route
                        component={[Function]}
                        exact={true}
                        path="/favorites"
            />
            <Redirect
                        component={[Function]}
                        push={false}
                        to="/"
            />
</Switch>,
          "className": "main-container",
        },
        "ref": null,
        "rendered": Object {
          "instance": null,
          "key": undefined,
          "nodeType": "class",
          "props": Object {
            "children": Array [
              <Route
                component={[Function]}
                exact={true}
                path="/"
/>,
              <Route
                component={[Function]}
                exact={true}
                path="/login"
/>,
              <Route
                component={[Function]}
                exact={true}
                path="/sign-up"
/>,
              <Route
                component={[Function]}
                exact={true}
                path="/favorites"
/>,
              <Redirect
                component={[Function]}
                push={false}
                to="/"
/>,
            ],
          },
          "ref": null,
          "rendered": Array [
            Object {
              "instance": null,
              "key": undefined,
              "nodeType": "class",
              "props": Object {
                "component": [Function],
                "exact": true,
                "path": "/",
              },
              "ref": null,
              "rendered": null,
              "type": [Function],
            },
            Object {
              "instance": null,
              "key": undefined,
              "nodeType": "class",
              "props": Object {
                "component": [Function],
                "exact": true,
                "path": "/login",
              },
              "ref": null,
              "rendered": null,
              "type": [Function],
            },
            Object {
              "instance": null,
              "key": undefined,
              "nodeType": "class",
              "props": Object {
                "component": [Function],
                "exact": true,
                "path": "/sign-up",
              },
              "ref": null,
              "rendered": null,
              "type": [Function],
            },
            Object {
              "instance": null,
              "key": undefined,
              "nodeType": "class",
              "props": Object {
                "component": [Function],
                "exact": true,
                "path": "/favorites",
              },
              "ref": null,
              "rendered": null,
              "type": [Function],
            },
            Object {
              "instance": null,
              "key": undefined,
              "nodeType": "class",
              "props": Object {
                "component": [Function],
                "push": false,
                "to": "/",
              },
              "ref": null,
              "rendered": null,
              "type": [Function],
            },
          ],
          "type": [Function],
        },
        "type": "section",
      },
    ],
    "type": "main",
  },
  Symbol(enzyme.__nodes__): Array [
    Object {
      "instance": null,
      "key": undefined,
      "nodeType": "host",
      "props": Object {
        "children": Array [
          <withRouter(Connect(Component)) />,
          <section
            className="main-container"
>
            <Switch>
                        <Route
                                    component={[Function]}
                                    exact={true}
                                    path="/"
                        />
                        <Route
                                    component={[Function]}
                                    exact={true}
                                    path="/login"
                        />
                        <Route
                                    component={[Function]}
                                    exact={true}
                                    path="/sign-up"
                        />
                        <Route
                                    component={[Function]}
                                    exact={true}
                                    path="/favorites"
                        />
                        <Redirect
                                    component={[Function]}
                                    push={false}
                                    to="/"
                        />
            </Switch>
</section>,
        ],
        "className": "grid-container",
      },
      "ref": null,
      "rendered": Array [
        Object {
          "instance": null,
          "key": undefined,
          "nodeType": "function",
          "props": Object {},
          "ref": null,
          "rendered": null,
          "type": [Function],
        },
        Object {
          "instance": null,
          "key": undefined,
          "nodeType": "host",
          "props": Object {
            "children": <Switch>
              <Route
                            component={[Function]}
                            exact={true}
                            path="/"
              />
              <Route
                            component={[Function]}
                            exact={true}
                            path="/login"
              />
              <Route
                            component={[Function]}
                            exact={true}
                            path="/sign-up"
              />
              <Route
                            component={[Function]}
                            exact={true}
                            path="/favorites"
              />
              <Redirect
                            component={[Function]}
                            push={false}
                            to="/"
              />
</Switch>,
            "className": "main-container",
          },
          "ref": null,
          "rendered": Object {
            "instance": null,
            "key": undefined,
            "nodeType": "class",
            "props": Object {
              "children": Array [
                <Route
                  component={[Function]}
                  exact={true}
                  path="/"
/>,
                <Route
                  component={[Function]}
                  exact={true}
                  path="/login"
/>,
                <Route
                  component={[Function]}
                  exact={true}
                  path="/sign-up"
/>,
                <Route
                  component={[Function]}
                  exact={true}
                  path="/favorites"
/>,
                <Redirect
                  component={[Function]}
                  push={false}
                  to="/"
/>,
              ],
            },
            "ref": null,
            "rendered": Array [
              Object {
                "instance": null,
                "key": undefined,
                "nodeType": "class",
                "props": Object {
                  "component": [Function],
                  "exact": true,
                  "path": "/",
                },
                "ref": null,
                "rendered": null,
                "type": [Function],
              },
              Object {
                "instance": null,
                "key": undefined,
                "nodeType": "class",
                "props": Object {
                  "component": [Function],
                  "exact": true,
                  "path": "/login",
                },
                "ref": null,
                "rendered": null,
                "type": [Function],
              },
              Object {
                "instance": null,
                "key": undefined,
                "nodeType": "class",
                "props": Object {
                  "component": [Function],
                  "exact": true,
                  "path": "/sign-up",
                },
                "ref": null,
                "rendered": null,
                "type": [Function],
              },
              Object {
                "instance": null,
                "key": undefined,
                "nodeType": "class",
                "props": Object {
                  "component": [Function],
                  "exact": true,
                  "path": "/favorites",
                },
                "ref": null,
                "rendered": null,
                "type": [Function],
              },
              Object {
                "instance": null,
                "key": undefined,
                "nodeType": "class",
                "props": Object {
                  "component": [Function],
                  "push": false,
                  "to": "/",
                },
                "ref": null,
                "rendered": null,
                "type": [Function],
              },
            ],
            "type": [Function],
          },
          "type": "section",
        },
      ],
      "type": "main",
    },
  ],
  Symbol(enzyme.__options__): Object {
    "adapter": ReactSixteenAdapter {
      "options": Object {
        "enableComponentDidUpdateOnSetState": true,
      },
    },
    "disableLifecycleMethods": true,
  },
}
`;
