// Jest Snapshot v1, https://goo.gl/fbAQLP

exports[`SignIn should match snapshot 1`] = `
ShallowWrapper {
  "length": 1,
  Symbol(enzyme.__root__): [Circular],
  Symbol(enzyme.__unrendered__): <SignIn />,
  Symbol(enzyme.__renderer__): Object {
    "batchedUpdates": [Function],
    "getNode": [Function],
    "render": [Function],
    "simulateEvent": [Function],
    "unmount": [Function],
  },
  Symbol(enzyme.__node__): Object {
    "instance": null,
    "key": undefined,
    "nodeType": "host",
    "props": Object {
      "children": Array [
        <h1>
          Sign In
</h1>,
        <form
          action=""
>
          <input
                    name=""
                    placeholder="email"
                    type="text"
          />
          <input
                    name=""
                    placeholder="password"
                    type="password"
          />
          <button>
                    Sign In
          </button>
</form>,
      ],
    },
    "ref": null,
    "rendered": Array [
      Object {
        "instance": null,
        "key": undefined,
        "nodeType": "host",
        "props": Object {
          "children": "Sign In",
        },
        "ref": null,
        "rendered": "Sign In",
        "type": "h1",
      },
      Object {
        "instance": null,
        "key": undefined,
        "nodeType": "host",
        "props": Object {
          "action": "",
          "children": Array [
            <input
              name=""
              placeholder="email"
              type="text"
/>,
            <input
              name=""
              placeholder="password"
              type="password"
/>,
            <button>
              Sign In
</button>,
          ],
        },
        "ref": null,
        "rendered": Array [
          Object {
            "instance": null,
            "key": undefined,
            "nodeType": "host",
            "props": Object {
              "name": "",
              "placeholder": "email",
              "type": "text",
            },
            "ref": null,
            "rendered": null,
            "type": "input",
          },
          Object {
            "instance": null,
            "key": undefined,
            "nodeType": "host",
            "props": Object {
              "name": "",
              "placeholder": "password",
              "type": "password",
            },
            "ref": null,
            "rendered": null,
            "type": "input",
          },
          Object {
            "instance": null,
            "key": undefined,
            "nodeType": "host",
            "props": Object {
              "children": "Sign In",
            },
            "ref": null,
            "rendered": "Sign In",
            "type": "button",
          },
        ],
        "type": "form",
      },
    ],
    "type": "section",
  },
  Symbol(enzyme.__nodes__): Array [
    Object {
      "instance": null,
      "key": undefined,
      "nodeType": "host",
      "props": Object {
        "children": Array [
          <h1>
            Sign In
</h1>,
          <form
            action=""
>
            <input
                        name=""
                        placeholder="email"
                        type="text"
            />
            <input
                        name=""
                        placeholder="password"
                        type="password"
            />
            <button>
                        Sign In
            </button>
</form>,
        ],
      },
      "ref": null,
      "rendered": Array [
        Object {
          "instance": null,
          "key": undefined,
          "nodeType": "host",
          "props": Object {
            "children": "Sign In",
          },
          "ref": null,
          "rendered": "Sign In",
          "type": "h1",
        },
        Object {
          "instance": null,
          "key": undefined,
          "nodeType": "host",
          "props": Object {
            "action": "",
            "children": Array [
              <input
                name=""
                placeholder="email"
                type="text"
/>,
              <input
                name=""
                placeholder="password"
                type="password"
/>,
              <button>
                Sign In
</button>,
            ],
          },
          "ref": null,
          "rendered": Array [
            Object {
              "instance": null,
              "key": undefined,
              "nodeType": "host",
              "props": Object {
                "name": "",
                "placeholder": "email",
                "type": "text",
              },
              "ref": null,
              "rendered": null,
              "type": "input",
            },
            Object {
              "instance": null,
              "key": undefined,
              "nodeType": "host",
              "props": Object {
                "name": "",
                "placeholder": "password",
                "type": "password",
              },
              "ref": null,
              "rendered": null,
              "type": "input",
            },
            Object {
              "instance": null,
              "key": undefined,
              "nodeType": "host",
              "props": Object {
                "children": "Sign In",
              },
              "ref": null,
              "rendered": "Sign In",
              "type": "button",
            },
          ],
          "type": "form",
        },
      ],
      "type": "section",
    },
  ],
  Symbol(enzyme.__options__): Object {
    "adapter": ReactSixteenAdapter {
      "options": Object {
        "enableComponentDidUpdateOnSetState": true,
      },
    },
    "disableLifecycleMethods": true,
  },
}
`;
